../Core/Src/main.c:79:6:FifoWrite	16	static
../Core/Src/main.c:84:10:FifoRead	16	static
../Core/Src/main.c:90:6:HAL_I2S_TxHalfCpltCallback	16	static
../Core/Src/main.c:94:6:HAL_I2S_TxCpltCallback	16	static
../Core/Src/main.c:98:6:HAL_I2S_RxHalfCpltCallback	16	static
../Core/Src/main.c:102:6:HAL_I2S_RxCpltCallback	16	static
../Core/Src/main.c:111:5:main	32	static
../Core/Src/main.c:202:6:SystemClock_Config	88	static
../Core/Src/main.c:247:6:PeriphCommonClock_Config	32	static
../Core/Src/main.c:268:13:MX_CRC_Init	8	static
../Core/Src/main.c:295:13:MX_I2S2_Init	8	static
../Core/Src/main.c:329:13:MX_I2S3_Init	8	static
../Core/Src/main.c:361:13:MX_DMA_Init	16	static
../Core/Src/main.c:382:13:MX_GPIO_Init	56	static
../Core/Src/main.c:491:6:Error_Handler	4	static,ignoring_inline_asm
